This template tests a missing feature template
Content-Type: text/html

<HTML>
<HEAD><TITLE>MapServer Message</TITLE></HEAD>
<BODY BGCOLOR="#FFFFFF">
processIncludeTag(): Unable to access file. missing.tmpl
</BODY></HTML>