Content-Type: text/html

<HTML>
<HEAD><TITLE>MapServer Message</TITLE></HEAD><BODY BGCOLOR="#FFFFFF">
msCGILoadMap(): Web application error. CGI variable &quot;map&quot; fails to validate.
</BODY></HTML>