{"features":[],"links":[{"href":"http://localhost/cgi-bin/mapserv/OGCAPI_TEST/ogcapi/collections/mn_counties/items?f=json&limit=9&offset=0","rel":"self","title":"Items for this collection as GeoJSON","type":"application/geo+json"},{"href":"http://localhost/cgi-bin/mapserv/OGCAPI_TEST/ogcapi/collections/mn_counties/items?f=html&limit=9&offset=0","rel":"alternate","title":"Items for this collection as HTML","type":"text/html"}],"numberMatched":0,"numberReturned":0,"type":"FeatureCollection"}
