{"features":[{"geometry":{"coordinates":[[[33.9038,-0.95],[34.0727,-1.0598],[37.6987,-3.0969],[37.7669,-3.6771],[39.2023,-4.6767],[38.7406,-5.9089],[38.7998,-6.4756],[39.44,-6.8399],[39.4701,-7.0999],[39.1947,-7.7038],[39.2521,-8.0078],[39.1866,-8.4855],[39.5358,-9.1123],[39.9497,-10.0984],[40.3166,-10.317],[40.3166,-10.317],[39.521,-10.8968],[38.4276,-11.2852],[37.8277,-11.2687],[37.4713,-11.5687],[36.7752,-11.5945],[36.5141,-11.7209],[35.3124,-11.4391],[34.56,-11.52],[34.28,-10.16],[33.9409,-9.6936],[33.7398,-9.4171],[32.7594,-9.2305],[32.1919,-8.9303],[31.5564,-8.762],[31.1578,-8.5945],[30.7401,-8.34],[30.7401,-8.34],[30.2,-7.0799],[29.6201,-6.52],[29.42,-5.9399],[29.52,-5.4199],[29.34,-4.4999],[29.7536,-4.4523],[30.1164,-4.0901],[30.5056,-3.5685],[30.7523,-3.3593],[30.7431,-3.0343],[30.5277,-2.8076],[30.4697,-2.4138],[30.4697,-2.4138],[30.7584,-2.2872],[30.8162,-1.6989],[30.4192,-1.1346],[30.7699,-1.0145],[31.8662,-1.0273],[33.9038,-0.95]]],"type":"Polygon"},"id":"1159321337","properties":{"name":"Tanzania","name_hu":"Tanz√°nia"},"type":"Feature"}],"links":[{"href":"http://localhost/cgi-bin/mapserv/6631/ogcapi/collections/tanzania2/items?f=json&limit=10&offset=0","rel":"self","title":"Items for this collection as GeoJSON","type":"application/geo+json"},{"href":"http://localhost/cgi-bin/mapserv/6631/ogcapi/collections/tanzania2/items?f=html&limit=10&offset=0","rel":"alternate","title":"Items for this collection as HTML","type":"text/html"}],"numberMatched":1,"numberReturned":1,"type":"FeatureCollection"}
