Content-Type: application/geo+json
Content-Crs: <http://www.opengis.net/def/crs/EPSG/0/32615>

{"features":[{"geometry":{"coordinates":[[[330081.6632,5429937.0852],[330973.8552,5429907.8707],[332581.0316,5429855.2443],[332852.32,5429846.361],[334194.5901,5429807.1188],[335796.4142,5429760.2882],[337389.1827,5429713.7224],[338981.2685,5429667.1765],[340605.3699,5429619.6947],[342198.2159,5429573.1266],[342511.687,5429563.962],[342524.6999,5430027.4046],[342570.9278,5431673.7806],[342616.3529,5433291.5638],[342661.6276,5434903.9867],[342708.3595,5436568.3111],[342753.8316,5438187.7688],[342799.5096,5439814.5568],[342844.8606,5441429.7021],[342891.2661,5443082.4014],[342937.5488,5444730.7277],[342982.8586,5446344.4017],[343027.6827,5447940.7829],[343073.2587,5449563.9378],[343078.978,5449767.629],[343117.8732,5451150.6239],[343128.642,5451533.53],[343163.4276,5452770.5168],[343180.203,5453367.059],[343207.9337,5454352.1209],[343235.609,5455335.219],[343253.6928,5455977.982],[343286.96,5457160.42],[343299.5229,5457606.6869],[343344.4291,5459201.8821],[343357.403,5459662.754],[343390.2374,5460827.5509],[343415.5031,5461723.847],[343435.1882,5462424.1872],[343474.799,5463833.428],[343480.289,5464028.3655],[343525.575,5465636.394],[343526.3585,5465664.1702],[343571.6312,5467269.1996],[343601.332,5468322.168],[343616.5435,5468862.0329],[343651.507,5470102.912],[343662.2853,5470484.3492],[343673.102,5470867.147],[343695.501,5471659.481],[343707.0891,5472073.3034],[343717.0141,5472427.737],[343936.2641,5472255.845],[343957.1513,5472067.0784],[343965.147,5471994.818],[344188.478,5471930.054],[344302.275,5471724.095],[344531.747,5471718.813],[344678.462,5471470.519],[344898.2187,5471345.0559],[345200.137,5471172.685],[345464.161,5470817.577],[346294.7483,5470405.3923],[346379.733,5470363.218],[346479.9179,5470355.0496],[346824.1391,5470326.984],[347299.966,5470172.483],[347299.281,5469995.742],[348056.4519,5469770.0044],[348262.75,5469708.5],[349632.0409,5469136.4513],[350523.2041,5468764.15],[351160.409,5468731.057],[351272.8408,5468744.37],[352856.2406,5468931.859],[353735.447,5469035.965],[354438.7108,5469539.7461],[355301.6538,5470157.9129],[355601.838,5470372.949],[356118.6003,5470292.7297],[356665.634,5470207.811],[357728.1066,5470418.7444],[357899.741,5470452.819],[358282.097,5470279.7641],[358568.2997,5470079.4765],[359313.554,5469557.9397],[360907.4733,5468442.4984],[360977.2589,5468393.6617],[361348.939,5468133.556],[361531.589,5467932.117],[362466.1701,5467132.4775],[362951.8979,5466716.8826],[363541.248,5466212.627],[364046.8372,5465907.4967],[365276.171,5465165.576],[365622.3332,5465155.1972],[366558.716,5465127.1221],[366937.9309,5465034.5635],[367230.1376,5464963.2419],[368014.398,5464771.82],[367393.186,5463402.329],[367391.4341,5463379.653],[367267.98,5461781.749],[367269.3258,5461775.2063],[367598.782,5460173.4366],[367936.4447,5458531.7683],[368255.2714,5456981.678],[368545.9098,5455568.6353],[368595.0437,5455329.7532],[368923.5926,5453732.3951],[369107.421,5452838.647],[369071.7769,5452120.1637],[369016.559,5451007.133],[369107.94,5450523.7745],[369411.9707,5448915.6061],[369720.2036,5447285.2107],[369965.4178,5445988.1524],[370028.5819,5445654.0462],[370331.379,5444052.4032],[370650.1664,5442366.1799],[370650.365,5442365.129],[371472.4199,5441126.6205],[371755.9254,5440699.4909],[372282.429,5439906.26],[372422.7587,5439124.5198],[372714.1737,5437501.122],[372944.9034,5436215.7861],[372999.4328,5435912.0169],[373265.5767,5434429.3982],[373559.9075,5432789.757],[373852.6344,5431159.0509],[374159.1437,5429451.5665],[374305.1022,5428638.4694],[374450.0366,5427831.0772],[374742.2898,5426203.0097],[375034.7177,5424573.9697],[375328.4555,5422937.6318],[375622.2821,5421300.7998],[375714.1927,5420788.7894],[376517.4923,5416313.8142],[376584.508,5415940.487],[376494.045,5414633.5311],[376402.2309,5414579.0054],[375891.834,5414275.896],[376038.462,5413665.258],[375933.8526,5413163.8157],[375804.374,5412543.164],[376141.5058,5411563.7081],[376320.015,5411045.092],[375520.579,5410605.3505],[375433.703,5410557.563],[375094.377,5410157.67],[375054.1728,5409976.1578],[374907.8781,5409315.6731],[375262.01,5408374.7152],[375464.5085,5407836.6598],[375543.641,5407626.398],[375470.7548,5406739.6124],[375456.884,5406570.851],[375547.938,5405434.414],[375610.4923,5405085.1001],[375776.781,5404156.515],[376050.3401,5403832.238],[376738.2056,5403457.944],[376793.05,5403428.101],[376948.6493,5403288.4788],[377489.375,5402803.275],[377981.034,5402151.805],[378310.5382,5401883.909],[378538.6724,5401698.4296],[378580.337,5401664.555],[379051.91,5400867.2],[379040.377,5400305.847],[379110.5351,5400226.6484],[379321.597,5399988.3891],[380084.5577,5399742.5458],[380145.434,5399722.93],[380950.928,5399513.897],[381564.463,5398892.9461],[381721.3865,5398798.5205],[382132.1715,5398551.3386],[382250.772,5398479.973],[382603.042,5398087.677],[382952.266,5397508.274],[383221.953,5397277.143],[383289.8692,5397264.637],[384622.751,5397019.2],[385083.3248,5397048.9605],[385558.774,5397079.682],[386055.792,5396903.666],[386079.6445,5396876.9065],[386293.027,5396637.517],[386721.9553,5395643.1239],[386761.869,5395550.591],[387209.0031,5395376.619],[387812.085,5395402.1901],[388320.6939,5395302.441],[388352.22,5395296.258],[388946.149,5395262.519],[389139.7782,5395181.5872],[389655.136,5394966.181],[389931.0962,5394959.2778],[390627.575,5394941.8551],[391539.1714,5394807.0315],[391781.625,5394771.1731],[392329.955,5394606.7811],[392789.235,5394382.371],[393117.957,5394280.336],[393164.2893,5394285.6831],[393545.273,5394329.651],[394120.036,5394531.266],[394639.071,5395068.8871],[394785.7823,5395220.852],[394781.5943,5395065.8629],[394748.5365,5393440.8328],[394707.4793,5391839.8035],[394689.4227,5390238.7733],[394677.3664,5388641.7429],[394669.31,5387040.7123],[394658.2539,5385450.6819],[394647.1972,5383842.6512],[394620.1401,5382236.621],[394570.0819,5380618.5914],[394511.0238,5379014.5623],[394444.965,5377400.5332],[394393.9069,5375792.5037],[394361.8496,5374192.4736],[394365.7925,5372600.4441],[394356.7275,5370993.424],[394324.6619,5369394.4048],[394316.5966,5367778.3846],[394297.5311,5366171.3647],[394260.4649,5364562.3454],[394222.3992,5362968.3263],[394199.3326,5361339.3062],[394194.2682,5359746.286],[394174.1398,5358130.7034],[392816.1457,5358158.6834],[392569.1041,5358162.0661],[391213.0785,5358180.4835],[390957.0365,5358183.7415],[389596.0419,5358201.5341],[389460.63,5358203.0383],[389337.0311,5358206.3547],[388028.9572,5358241.4597],[387741.0115,5358245.2816],[386422.9113,5358262.6373],[386104.9961,5358270.5852],[384931.8692,5358296.5613],[384508.8885,5358306.0128],[383317.8237,5358332.552],[382887.8429,5358343.8787],[381708.7785,5358374.6676],[381280.7974,5358377.8691],[380099.7321,5358386.7827],[379680.8454,5358397.9216],[378493.6868,5358422.3982],[378051.6745,5358434.2253],[377758.1661,5358439.1725],[376887.6414,5358453.8261],[376464.6292,5358458.465],[376358.0324,5358459.656],[375346.5971,5358469.4392],[374844.5202,5358474.2681],[373355.5398,5358484.3169],[373221.3796,5358484.1962],[371752.4946,5358519.7448],[371650.2417,5358521.7482],[370142.4527,5358562.4819],[370019.4823,5358566.0464],[368548.4615,5358601.9452],[368424.3972,5358604.1972],[366926.4381,5358632.3463],[366805.4051,5358634.5982],[365327.3532,5358676.0599],[365210.3203,5358679.3118],[363728.3614,5358706.9606],[363603.3284,5358709.0876],[362120.338,5358731.7988],[361998.2737,5358733.4882],[360513.3148,5358761.7621],[360395.2505,5358763.764],[358913.3231,5358795.6629],[358792.1338,5358797.9774],[357317.2696,5358843.4391],[357177.2363,5358846.3789],[355800.2791,5358876.4011],[355575.2446,5358881.2798],[354210.2256,5358923.3023],[353972.2535,5358929.3687],[352600.2028,5358964.3285],[352369.1994,5358967.7697],[350984.2215,5358990.3312],[350733.1272,5358994.4536],[349370.2502,5359027.5646],[349134.9685,5359032.7496],[347760.217,5359076.0484],[347527.1541,5359080.796],[346146.1829,5359108.8441],[345935.12,5359112.9043],[344534.211,5359137.1395],[344401.4919,5359139.1381],[344328.1793,5359141.3249],[342932.1775,5359182.2483],[342710.2396,5359186.6835],[342132.051,5359198.1774],[341324.1745,5359214.794],[341101.1428,5359219.3542],[339723.2029,5359251.2149],[339506.0463,5359255.9626],[338085.2003,5359293.5106],[337894.075,5359298.0087],[337181.3865,5359319.6265],[336569.073,5359335.4327],[336270.1662,5359343.1797],[336285.1588,5360859.2444],[336286.3218,5360978.3745],[336324.5002,5362464.3132],[336327.1946,5362585.3808],[336362.7176,5364088.3827],[336364.7228,5364179.4491],[336402.4964,5365693.4514],[336405.2219,5365811.4564],[336409.6987,5365953.4625],[336448.7435,5367290.5823],[336452.6261,5367423.5255],[336497.3988,5368922.6521],[336504.5907,5369000.468],[336560.9583,5370521.0956],[336562.7436,5370591.6611],[336602.8965,5372184.7291],[336645.989,5373813.7986],[336697.1519,5375350.5928],[336698.1555,5375437.8448],[336715.279,5376940.8799],[336716.2203,5377034.8821],[336735.1933,5378678.9205],[335222.1916,5378714.0408],[335105.004,5378716.728],[333650.2473,5378751.5936],[333521.2758,5378754.0282],[332029.1515,5378813.2455],[331903.0864,5378818.4303],[330416.9935,5378881.1479],[330286.2096,5378886.6451],[328801.1468,5378918.7995],[328680.988,5378921.7968],[327188.0511,5378984.0144],[327092.0491,5378987.8873],[327153.1089,5380605.8118],[327206.1679,5382204.8605],[327253.2269,5383809.9092],[327286.2851,5385402.9572],[327349.3458,5387048.0073],[327384.4043,5388651.0556],[327439.463,5390245.104],[327495.5228,5391870.1532],[327553.5817,5393471.2017],[327596.6402,5395070.2499],[327634.6995,5396699.2988],[327682.7545,5398200.3441],[328586.9652,5398170.7274],[329300.7959,5398147.3589],[330191.85,5398118.6796],[330435.325,5398110.8693],[330885.8991,5398098.811],[331798.7663,5398071.257],[332522.9099,5398050.3887],[333342.2434,5398026.8338],[333421.9017,5398024.3971],[334121.9198,5398005.4036],[335020.9368,5397974.5867],[335728.0724,5397955.3895],[336649.8987,5397928.5642],[337341.5341,5397908.4921],[338229.9222,5397878.6048],[338774.0553,5397862.2222],[339833.9773,5397829.3326],[340395.0481,5397811.8873],[341447.9386,5397774.9976],[342011.1972,5397763.6775],[343071.9633,5397738.4755],[343337.6236,5397732.1593],[343615.8463,5397721.5305],[344643.1113,5397684.6412],[344755.488,5397680.0146],[345183.2758,5397671.3213],[346269.1049,5397649.244],[346306.1814,5399284.2691],[346336.2563,5400889.2938],[346382.2881,5402503.3417],[346412.2673,5404110.4175],[346456.2467,5405712.4928],[346496.226,5407328.5688],[346501.9859,5408958.3957],[346553.4031,5410558.8457],[346605.1638,5412176.7965],[346638.1433,5413777.8716],[346683.123,5415377.9465],[346709.1024,5416991.0219],[346743.082,5418597.097],[346776.0614,5420222.1728],[346787.7099,5420753.01],[346751.4922,5420748.6347],[346689.4926,5420709.6326],[346566.9314,5420596.1268],[346551.0566,5420573.6257],[346438.964,5420467.3703],[346368.8708,5420413.43],[346362.3402,5420360.2401],[346329.6225,5420277.2986],[346289.7052,5420232.8438],[346285.0605,5420227.6711],[346076.6562,5420037.5991],[345987.4073,5419933.2815],[345899.4703,5419874.7785],[345821.4397,5419810.7128],[345717.7216,5419732.2714],[345538.1918,5419577.0763],[345421.0677,5419473.5087],[345332.4122,5419392.1298],[345190.1629,5419299.3752],[345164.2784,5419288.0512],[345146.4443,5419280.2492],[345112.6008,5419250.6228],[345080.8512,5419203.1831],[345084.9142,5419167.494],[345051.9151,5419071.8646],[344999.0096,5418997.1111],[344910.0729,5418902.9192],[344767.9172,5418815.3524],[344605.1991,5418715.5351],[344594.4492,5418695.4717],[344563.668,5418683.6586],[344526.9446,5418652.8127],[344425.8563,5418567.9032],[344384.7002,5418548.7148],[344340.5441,5418514.3382],[344248.3878,5418490.0869],[343800.7639,5418245.7629],[343722.7325,5418229.8246],[343616.7639,5418179.0723],[343569.7019,5418113.8819],[343529.5241,5418116.4922],[343507.1704,5418117.9444],[343477.7644,5418081.8803],[343286.5148,5417968.8752],[343114.3584,5417910.8725],[342879.6081,5417852.3697],[342864.4834,5417816.1182],[342710.7333,5417765.9284],[342635.5457,5417740.5522],[342528.2956,5417704.4256],[342343.9824,5417702.2378],[342203.0757,5417684.7369],[342004.3874,5417680.1115],[341934.1422,5417678.1595],[341824.4492,5417675.1112],[341658.4797,5417694.8618],[341537.8541,5417701.0495],[341370.8224,5417673.2982],[341318.6976,5417622.6086],[341127.041,5417569.4813],[340928.0093,5417512.0413],[340713.29,5417468.4769],[340459.2579,5417430.1002],[340265.3955,5417403.6474],[340216.9446,5417397.0362],[340060.069,5417380.723],[339819.7871,5417318.8455],[339730.1621,5417268.906],[339624.7556,5417236.3422],[339538.6615,5417226.5918],[339447.63,5417197.2781],[339363.2547,5417183.9651],[339315.2208,5417165.6031],[339276.5983,5417150.8388],[339045.1286,5417120.15],[338824.5655,5417055.21],[338685.2522,5417068.023],[338655.5859,5417060.0139],[338541.2518,5417029.1465],[338288.0008,5416986.3949],[338095.2187,5416974.7695],[337898.7488,5416997.2704],[337873.3738,5416990.5826],[337862.2175,5416987.645],[337820.0612,5416941.1433],[337657.4042,5416948.2686],[337604.7791,5416918.08],[337547.435,5416913.9548],[337463.3098,5416869.2032],[337337.1842,5416872.0158],[337295.4029,5416843.4523],[337244.9652,5416826.6392],[337192.1837,5416828.5143],[337183.2461,5416828.8893],[337157.2996,5416818.99],[336859.37,5416705.3224],[336767.5571,5416680.4466],[336600.1813,5416677.009],[336433.493,5416662.7586],[336252.8983,5416669.3839],[336099.3037,5416681.6969],[335913.0838,5416716.1983],[335839.3646,5416741.9492],[335722.5514,5416759.6374],[335609.2071,5416772.8879],[335565.7693,5416782.2632],[335564.0044,5416782.6473],[335489.9564,5416798.7638],[335350.9867,5416868.9538],[335251.2985,5416933.7686],[335195.1419,5416942.9564],[335153.2043,5416907.2677],[335074.0164,5416925.9558],[335034.1411,5416940.1438],[334997.5157,5416953.9568],[334927.4524,5416989.1455],[334698.481,5417064.7105],[334613.855,5417123.15],[334540.354,5417211.778],[334437.256,5417313.7847],[334434.2902,5417316.7191],[334130.3806,5417435.2857],[334075.5363,5417469.9119],[334043.3796,5417498.9129],[333991.0666,5417528.9764],[333968.6187,5417541.8877],[333935.9722,5417560.665],[333851.5963,5417626.6673],[333790.3143,5417699.7323],[333776.0329,5417733.171],[333748.9388,5417761.922],[333516.0301,5417873.2384],[333431.6855,5417941.8658],[333282.8715,5418060.7449],[333239.5585,5418140.8103],[333225.8396,5418192.0621],[333269.2461,5418282.2527],[333263.5273,5418343.5048],[333216.2768,5418377.9436],[333194.1829,5418404.007],[333158.9325,5418415.2574],[333146.0887,5418410.5072],[333109.1196,5418363.3806],[333088.3694,5418351.3177],[333022.3376,5418350.8177],[332959.087,5418360.318],[332922.6491,5418417.32],[332867.8674,5418454.5714],[332799.9605,5418477.0097],[332607.1462,5418571.7631],[332508.7704,5418595.0765],[332447.4886,5418584.2636],[332419.3946,5418580.076],[332381.5192,5418588.8263],[332368.3834,5418594.6606],[332313.8311,5418618.8899],[332294.3935,5418647.3909],[332242.893,5418793.7712],[332201.8614,5418863.6487],[332162.2049,5418897.8999],[332092.0168,5418927.9635],[332090.298,5418956.027],[332129.3921,5418987.7781],[332122.8608,5419023.5919],[332115.088,5419037.4962],[332108.3607,5419049.5303],[332076.0792,5419073.2812],[331977.0784,5419076.4064],[331921.7029,5419093.282],[331907.5466,5419129.3458],[331880.8276,5419170.7223],[331820.3271,5419187.7854],[331687.8885,5419176.5976],[331621.6379,5419171.035],[331590.794,5419184.4105],[331571.4813,5419192.9108],[331499.9808,5419266.226],[331415.5739,5419329.7908],[331437.4492,5419388.4179],[331446.793,5419399.9183],[331449.1055,5419402.7309],[331451.9493,5419406.231],[331454.8243,5419409.7937],[331457.6681,5419413.2938],[331459.8244,5419415.9189],[331464.2307,5419421.3566],[331475.6058,5419435.3571],[331485.7309,5419447.795],[331498.9497,5419471.4833],[331512.6999,5419496.1717],[331521.95,5419512.7973],[331539.3251,5419543.4859],[331542.8564,5419549.6736],[331560.2316,5419579.9872],[331567.1067,5419591.9876],[331573.138,5419604.3005],[331587.2319,5419633.1765],[331590.4506,5419639.7393],[331598.607,5419656.4274],[331606.3883,5419665.3027],[331607.8571,5419666.9902],[331610.5758,5419670.1153],[331613.6696,5419673.6155],[331617.1071,5419677.5531],[331619.2947,5419680.0532],[331621.1697,5419682.1783],[331623.451,5419684.8033],[331625.0447,5419686.6159],[331630.076,5419692.3661],[331640.3886,5419704.1165],[331661.7013,5419736.5552],[331662.4513,5419761.9936],[331662.8576,5419774.5565],[331630.5761,5419798.4324],[331474.1687,5419836.2464],[331347.2304,5419923.9372],[331270.9486,5420005.0652],[331194.3858,5420162.4459],[331163.1044,5420219.2605],[331045.4162,5420309.0764],[331033.6661,5420317.9517],[331014.1035,5420333.0148],[330942.6344,5420406.3926],[330913.853,5420463.1446],[330867.4153,5420525.647],[330812.5087,5420557.7732],[330810.3831,5420560.0338],[330746.0397,5420628.4634],[330697.0621,5420724.6663],[330650.1332,5420816.8453],[330627.1019,5420893.7231],[330577.6331,5421022.2904],[330538.2268,5421112.7312],[330477.8518,5421251.5489],[330410.7267,5421383.1788],[330291.6954,5421648.5011],[330104.633,5422099.018],[330017.4145,5422322.7763],[330008.5894,5422345.6491],[329923.196,5422566.973],[329885.7276,5422753.6674],[329925.1344,5422879.5469],[329908.2907,5422910.5481],[329882.8536,5423076.4292],[329878.2916,5423262.1236],[329900.5734,5423408.8789],[329930.73,5423481.6315],[329972.3865,5423513.3825],[330198.0438,5423580.2593],[330257.3253,5423608.9477],[330349.4509,5423712.8262],[330461.6393,5423892.3949],[330503.411,5423937.122],[330556.2024,5423993.6483],[330635.9839,5424026.8368],[330760.6093,5424030.7115],[330850.1097,5424048.3369],[330898.0359,5424053.1635],[330946.9225,5424058.0869],[330962.5476,5424070.3373],[330963.9852,5424115.964],[330977.1415,5424130.8395],[331026.329,5424078.5249],[331051.5791,5424072.7121],[331074.7354,5424082.1499],[331073.0167,5424107.5883],[331019.1417,5424175.2784],[330926.079,5424206.1548],[330899.3856,5424218.4133],[330843.3288,5424244.1565],[330837.0164,5424287.6581],[330844.9539,5424297.5334],[330870.329,5424296.7208],[330877.579,5424283.8453],[330899.753,5424263.3906],[330914.6415,5424249.6565],[331003.298,5424239.2808],[331080.7669,5424196.3415],[331140.2045,5424146.2145],[331142.0795,5424140.1518],[331151.7982,5424107.7131],[331137.2043,5424047.2109],[331129.2043,5424034.773],[331083.9227,5423964.9581],[331083.5165,5423952.2702],[331093.3915,5423944.3949],[331144.3604,5423947.8323],[331201.7044,5423994.3963],[331228.2671,5424034.3352],[331258.9236,5424122.2758],[331265.5801,5424256.7806],[331226.5489,5424395.1607],[331163.0489,5424478.4139],[331028.33,5424561.2923],[330955.2048,5424578.7932],[330902.3001,5424575.2462],[330850.7983,5424571.7933],[330818.4545,5424595.6068],[330768.0483,5424691.2354],[330733.6108,5424730.362],[330693.2045,5424739.2999],[330669.9857,5424727.1746],[330669.1418,5424699.2986],[330738.1417,5424544.7302],[330736.6103,5424493.9784],[330708.3915,5424487.1657],[330688.5789,5424502.9789],[330650.6726,5424509.2292],[330573.36,5424557.3562],[330503.2037,5424589.9826],[330486.3599,5424620.9838],[330320.2349,5424758.2394],[330289.235,5424825.2419],[330288.2351,5424876.1188],[330324.3293,5424976.6223],[330341.9858,5425054.8126],[330316.4234,5425134.3781],[330251.6109,5425174.5048],[330228.3923,5425246.32],[330153.9863,5425390.8881],[330131.4553,5425485.7041],[330133.0694,5425538.6576],[330134.3931,5425582.0826],[330162.2684,5425662.5855],[330231.0815,5425835.904],[330239.7071,5426036.3488],[330207.8634,5426075.5379],[330184.0198,5426126.9774],[330150.458,5426361.8611],[330116.2081,5426403.5503],[330006.3335,5426551.7436],[329973.1462,5426631.5592],[329908.1778,5426750.3764],[329870.6784,5426937.0709],[329868.335,5427028.5742],[329861.494,5427145.2662],[329858.3356,5427199.143],[329843.8987,5427392.7127],[329823.8996,5427655.16],[329835.9311,5427715.7246],[329836.869,5427830.1038],[329828.9633,5427987.8597],[329867.9639,5428184.9292],[329930.0583,5428388.8739],[329953.2773,5428482.1897],[330072.8441,5428762.6227],[330095.5282,5428815.8261],[330243.3102,5429162.0255],[330257.154,5429199.7143],[330354.4043,5429389.9082],[330433.3419,5429478.9735],[330461.5921,5429572.1017],[330462.4359,5429600.1027],[330449.936,5429605.5405],[330429.311,5429596.0403],[330394.8422,5429548.7887],[330360.9047,5429519.3504],[330315.6861,5429535.9762],[330290.9988,5429559.5397],[330251.7803,5429609.0418],[330273.0616,5429638.8552],[330291.3743,5429739.9838],[330277.3432,5429778.5478],[330132.7502,5429871.8646],[330081.6632,5429937.0852]]],"type":"Polygon"},"id":"39","properties":{"Area":4608320923.49768,"CTYONLY_":2,"Code":"LOTW","LASTMOD":"1976-07-04T12:00:00Z","Name":"Lake of the Woods","Perimiter":388250.14572},"type":"Feature"}],"links":[{"href":"http://localhost/cgi-bin/mapserv/OGCAPI_TEST/ogcapi/collections/mn_counties/items?f=json&limit=1&offset=0&crs=http://www.opengis.net/def/crs/EPSG/0/32615","rel":"self","title":"Items for this collection as GeoJSON","type":"application/geo+json"},{"href":"http://localhost/cgi-bin/mapserv/OGCAPI_TEST/ogcapi/collections/mn_counties/items?f=html&limit=1&offset=0&crs=http://www.opengis.net/def/crs/EPSG/0/32615","rel":"alternate","title":"Items for this collection as HTML","type":"text/html"},{"href":"http://localhost/cgi-bin/mapserv/OGCAPI_TEST/ogcapi/collections/mn_counties/items?f=json&limit=1&offset=1&crs=http://www.opengis.net/def/crs/EPSG/0/32615","rel":"next","title":"next page","type":"application/geo+json"}],"numberMatched":117,"numberReturned":1,"type":"FeatureCollection"}
