{
"type": "FeatureCollection",
"numberMatched": 2,
"name": "null_and_point",
"crs": { "type": "name", "properties": { "name": "urn:ogc:def:crs:EPSG::3857" } },
"features": [
{ "type": "Feature", "properties": { "fid": 1 }, "geometry": null },
{ "type": "Feature", "properties": { "fid": 2 }, "geometry": { "type": "Point", "coordinates": [ 10.0, 10.0 ] } }
]
}
