Content-Type: application/vnd.ogc.sld+xml; charset=UTF-8

<StyledLayerDescriptor version="1.0.0" xmlns="http://www.opengis.net/sld" xmlns:gml="http://www.opengis.net/gml" xmlns:ogc="http://www.opengis.net/ogc" xmlns:xlink="http://www.w3.org/1999/xlink" xmlns:xsi="http://www.w3.org/2001/XMLSchema-instance" xsi:schemaLocation="http://www.opengis.net/sld http://schemas.opengis.net/sld/1.0.0/StyledLayerDescriptor.xsd">
<NamedLayer>
<Name>lline</Name>
<UserStyle>
<Name>red_and_blue</Name>
<IsDefault>true</IsDefault>
<FeatureTypeStyle>
<Rule>
<LineSymbolizer>
<Stroke>
<CssParameter name="stroke">#ff0000</CssParameter>
<CssParameter name="stroke-opacity">0.50</CssParameter>
<CssParameter name="stroke-width">5.00</CssParameter>
</Stroke>
</LineSymbolizer>
</Rule>
<Rule>
<LineSymbolizer>
<Stroke>
<CssParameter name="stroke">#0000ff</CssParameter>
<CssParameter name="stroke-opacity">0.50</CssParameter>
<CssParameter name="stroke-width">3.00</CssParameter>
</Stroke>
</LineSymbolizer>
</Rule>
</FeatureTypeStyle>
</UserStyle>
<UserStyle>
<Name>green</Name>
<FeatureTypeStyle>
<Rule>
<LineSymbolizer>
<Stroke>
<CssParameter name="stroke">#00ff00</CssParameter>
<CssParameter name="stroke-opacity">0.50</CssParameter>
<CssParameter name="stroke-width">5.00</CssParameter>
</Stroke>
</LineSymbolizer>
</Rule>
</FeatureTypeStyle>
</UserStyle>
</NamedLayer>
</StyledLayerDescriptor>

