<?xml version='1.0' encoding="UTF-8" ?>
<CoverageDescription
   version="1.0.0" 
   updateSequence="2007-10-30T14:23:38Z" 
   xmlns="http://www.opengis.net/wcs" 
   xmlns:xlink="http://www.w3.org/1999/xlink" 
   xmlns:gml="http://www.opengis.net/gml" 
   xmlns:xsi="http://www.w3.org/2001/XMLSchema-instance"
   xsi:schemaLocation="http://www.opengis.net/wcs http://schemas.opengis.net/wcs/1.0.0/describeCoverage.xsd">
  <CoverageOffering>
  <metadataLink metadataType="other" xlink:type="simple" xlink:href="http://www.gdal.org/metadata_test_link.html"/>  <description>Test description</description>
  <name>grey</name>
  <label>Test label</label>
    <lonLatEnvelope srsName="urn:ogc:def:crs:OGC:1.3:CRS84">
      <gml:pos>-121.48874388937 0</gml:pos>
      <gml:pos>-121.48516027686 0.00270582611334944</gml:pos>
    </lonLatEnvelope>
  <keywords>
    <keyword>test</keyword>
    <keyword>mapserver</keyword>
  </keywords>
    <domainSet>
      <spatialDomain>
        <gml:Envelope srsName="EPSG:4326">
          <gml:pos>-121.48874388937 0</gml:pos>
          <gml:pos>-121.48516027686 0.00270582611334944</gml:pos>
        </gml:Envelope>
        <gml:Envelope srsName="EPSG:32611">
          <gml:pos>0 0</gml:pos>
          <gml:pos>400 300</gml:pos>
        </gml:Envelope>
        <gml:RectifiedGrid dimension="2">
          <gml:limits>
            <gml:GridEnvelope>
              <gml:low>0 0</gml:low>
              <gml:high>39 29</gml:high>
            </gml:GridEnvelope>
          </gml:limits>
          <gml:axisName>x</gml:axisName>
          <gml:axisName>y</gml:axisName>
          <gml:origin>
            <gml:pos>0 300</gml:pos>
          </gml:origin>
          <gml:offsetVector>10 0</gml:offsetVector>
          <gml:offsetVector>0 -10</gml:offsetVector>
        </gml:RectifiedGrid>
      </spatialDomain>
    </domainSet>
    <rangeSet>
      <RangeSet>
        <description>Bands for Landsat 5 TM</description>
        <name>Landsat 5 TM Bands</name>
        <label>Bands</label>
        <axisDescription>
          <AxisDescription>
            <name>bands</name>
            <label>Bands/Channels/Samples</label>
            <values>
              <singleValue>1</singleValue>
            </values>
          </AxisDescription>
        </axisDescription>
        <nullValues>
          <singleValue>-99</singleValue>
        </nullValues>
      </RangeSet>
    </rangeSet>
    <supportedCRSs>
      <requestResponseCRSs>EPSG:32611</requestResponseCRSs>
      <requestResponseCRSs>EPSG:4326</requestResponseCRSs>
      <nativeCRSs>EPSG:32611</nativeCRSs>
    </supportedCRSs>
    <supportedFormats nativeFormat="GeoTIFF">
      <formats>GEOTIFF_BYTE</formats>
      <formats>PNG</formats>
      <formats>AAIGRID</formats>
    </supportedFormats>
    <supportedInterpolations default="nearest neighbor">
      <interpolationMethod>nearest neighbor</interpolationMethod>
      <interpolationMethod>bilinear</interpolationMethod>
    </supportedInterpolations>
  </CoverageOffering>
</CoverageDescription>
