Content-Type: text/xml; charset=UTF-8

<?xml version='1.0' encoding="UTF-8" ?>
<wfs:FeatureCollection
   xmlns:ms="http://mapserver.gis.umn.edu/mapserver"
   xmlns:wfs="http://www.opengis.net/wfs"
   xmlns:gml="http://www.opengis.net/gml"
   xmlns:ogc="http://www.opengis.net/ogc"
   xmlns:xsi="http://www.w3.org/2001/XMLSchema-instance"
   xsi:schemaLocation="http://www.opengis.net/wfs http://ogc.dmsolutions.ca/wfs/1.0.0/WFS-basic.xsd 
                       http://mapserver.gis.umn.edu/mapserver http://localhost/path/to/wfs_simple?SERVICE=WFS&amp;VERSION=1.0.0&amp;REQUEST=DescribeFeatureType&amp;TYPENAME=popplace&amp;OUTPUTFORMAT=XMLSCHEMA">
      <gml:boundedBy>
      	<gml:Box srsName="EPSG:4326">
      		<gml:coordinates>-60.214963,46.123322 -60.214963,46.123322</gml:coordinates>
      	</gml:Box>
      </gml:boundedBy>
    <gml:featureMember>
      <ms:popplace>
        <gml:boundedBy>
        	<gml:Box srsName="EPSG:4326">
        		<gml:coordinates>-60.214963,46.123322 -60.214963,46.123322</gml:coordinates>
        	</gml:Box>
        </gml:boundedBy>
        <ms:msGeometry>
        <gml:Point srsName="EPSG:4326">
          <gml:coordinates>-60.214963,46.123322</gml:coordinates>
        </gml:Point>
        </ms:msGeometry>
        <ms:AREA>0.000</ms:AREA>
        <ms:PERIMETER>0.000</ms:PERIMETER>
        <ms:POPPLACE_>391</ms:POPPLACE_>
        <ms:POPPLACE_I>4</ms:POPPLACE_I>
        <ms:UNIQUE_KEY>CBLGX</ms:UNIQUE_KEY>
        <ms:NAME>Sydney</ms:NAME>
        <ms:NAME_E></ms:NAME_E>
        <ms:NAME_F></ms:NAME_F>
        <ms:UNIQUE_K_1></ms:UNIQUE_K_1>
        <ms:UNIQUE_K_2></ms:UNIQUE_K_2>
        <ms:REG_CODE>12</ms:REG_CODE>
        <ms:NTS50>011K01</ms:NTS50>
        <ms:LAT>460900</ms:LAT>
        <ms:LONG>601100</ms:LONG>
        <ms:SGC_CODE>1217014</ms:SGC_CODE>
        <ms:CAPITAL>0</ms:CAPITAL>
        <ms:POP_RANGE>4</ms:POP_RANGE>
      </ms:popplace>
    </gml:featureMember>
</wfs:FeatureCollection>

