Content-Type: text/xml; charset=UTF-8

<?xml version='1.0' encoding="UTF-8" ?>
<wfs:FeatureCollection
   xmlns:ms="http://mapserver.gis.umn.edu/mapserver"
   xmlns:wfs="http://www.opengis.net/wfs"
   xmlns:gml="http://www.opengis.net/gml"
   xmlns:ogc="http://www.opengis.net/ogc"
   xmlns:xsi="http://www.w3.org/2001/XMLSchema-instance"
   xsi:schemaLocation="http://www.opengis.net/wfs http://ogc.dmsolutions.ca/wfs/1.0.0/WFS-basic.xsd 
                       http://mapserver.gis.umn.edu/mapserver http://localhost/path/to/wfs_simple?SERVICE=WFS&amp;VERSION=1.0.0&amp;REQUEST=DescribeFeatureType&amp;TYPENAME=popplace&amp;OUTPUTFORMAT=XMLSCHEMA">
      <gml:boundedBy>
      	<gml:Box srsName="EPSG:4326">
      		<gml:coordinates>-64.052355,46.373272 -62.272430,46.980843</gml:coordinates>
      	</gml:Box>
      </gml:boundedBy>
    <gml:featureMember>
      <ms:popplace>
        <gml:boundedBy>
        	<gml:Box srsName="EPSG:4326">
        		<gml:coordinates>-64.052355,46.980843 -64.052355,46.980843</gml:coordinates>
        	</gml:Box>
        </gml:boundedBy>
        <ms:msGeometry>
        <gml:Point srsName="EPSG:4326">
          <gml:coordinates>-64.052355,46.980843</gml:coordinates>
        </gml:Point>
        </ms:msGeometry>
        <ms:AREA>0.000</ms:AREA>
        <ms:PERIMETER>0.000</ms:PERIMETER>
        <ms:POPPLACE_>8</ms:POPPLACE_>
        <ms:POPPLACE_I>1</ms:POPPLACE_I>
        <ms:UNIQUE_KEY>BACMK</ms:UNIQUE_KEY>
        <ms:NAME>&quot;Tignish</ms:NAME>
        <ms:NAME_E></ms:NAME_E>
        <ms:NAME_F></ms:NAME_F>
        <ms:UNIQUE_K_1></ms:UNIQUE_K_1>
        <ms:UNIQUE_K_2></ms:UNIQUE_K_2>
        <ms:REG_CODE>11</ms:REG_CODE>
        <ms:NTS50>021I16</ms:NTS50>
        <ms:LAT>465700</ms:LAT>
        <ms:LONG>640200</ms:LONG>
        <ms:SGC_CODE>0</ms:SGC_CODE>
        <ms:CAPITAL>0</ms:CAPITAL>
        <ms:POP_RANGE>1</ms:POP_RANGE>
      </ms:popplace>
    </gml:featureMember>
    <gml:featureMember>
      <ms:popplace>
        <gml:boundedBy>
        	<gml:Box srsName="EPSG:4326">
        		<gml:coordinates>-62.272430,46.373272 -62.272430,46.373272</gml:coordinates>
        	</gml:Box>
        </gml:boundedBy>
        <ms:msGeometry>
        <gml:Point srsName="EPSG:4326">
          <gml:coordinates>-62.272430,46.373272</gml:coordinates>
        </gml:Point>
        </ms:msGeometry>
        <ms:AREA>0.000</ms:AREA>
        <ms:PERIMETER>0.000</ms:PERIMETER>
        <ms:POPPLACE_>109</ms:POPPLACE_>
        <ms:POPPLACE_I>2</ms:POPPLACE_I>
        <ms:UNIQUE_KEY>BACII</ms:UNIQUE_KEY>
        <ms:NAME>&#39;Souris&#39;</ms:NAME>
        <ms:NAME_E></ms:NAME_E>
        <ms:NAME_F></ms:NAME_F>
        <ms:UNIQUE_K_1></ms:UNIQUE_K_1>
        <ms:UNIQUE_K_2></ms:UNIQUE_K_2>
        <ms:REG_CODE>11</ms:REG_CODE>
        <ms:NTS50>011L08</ms:NTS50>
        <ms:LAT>462100</ms:LAT>
        <ms:LONG>621500</ms:LONG>
        <ms:SGC_CODE>1101036</ms:SGC_CODE>
        <ms:CAPITAL>0</ms:CAPITAL>
        <ms:POP_RANGE>2</ms:POP_RANGE>
      </ms:popplace>
    </gml:featureMember>
</wfs:FeatureCollection>

