Status: 404 Not Found
Content-Type: text/xml; charset=UTF-8

<?xml version="1.0" encoding="UTF-8"?>
<ows:ExceptionReport xmlns:xsi="http://www.w3.org/2001/XMLSchema-instance" xmlns:ows="http://www.opengis.net/ows/1.1" version="2.0.0" xml:lang="en-US" xsi:schemaLocation="http://www.opengis.net/ows/1.1 http://schemas.opengis.net/ows/1.1.0/owsExceptionReport.xsd">
  <ows:Exception exceptionCode="NotFound">
    <ows:ExceptionText>msWFSGetFeature(): WFS server error. Invalid rid 'foo'</ows:ExceptionText>
  </ows:Exception>
</ows:ExceptionReport>
