Content-Type: text/xml; subtype="gml/3.2.1"; charset=UTF-8

<?xml version='1.0' encoding="UTF-8" ?>
<wfs:FeatureCollection
   xmlns:ms="http://mapserver.gis.umn.edu/mapserver"
   xmlns:gml="http://www.opengis.net/gml/3.2"
   xmlns:wfs="http://www.opengis.net/wfs/2.0"
   xmlns:xsi="http://www.w3.org/2001/XMLSchema-instance"
   xsi:schemaLocation="http://mapserver.gis.umn.edu/mapserver http://localhost/path/to/wfs_simple?SERVICE=WFS&amp;VERSION=2.0.0&amp;REQUEST=DescribeFeatureType&amp;TYPENAME=test_6181&amp;OUTPUTFORMAT=application%2Fgml%2Bxml%3B%20version%3D3.2 http://www.opengis.net/wfs/2.0 http://schemas.opengis.net/wfs/2.0/wfs.xsd http://www.opengis.net/gml/3.2 http://schemas.opengis.net/gml/3.2.1/gml.xsd"
   timeStamp="" numberMatched="unknown" numberReturned="1"
   next="http://localhost/path/to/wfs_simple?SERVICE=WFS&amp;VERSION=2.0.0&amp;REQUEST=GetFeature&amp;TYPENAMES=test_6181&amp;BBOX=0.75%2C0.75%2C9%2C9&amp;COUNT=1&amp;STARTINDEX=1">
      <wfs:boundedBy>
      	<gml:Envelope srsName="urn:ogc:def:crs:EPSG::27700">
      		<gml:lowerCorner>0.000000 0.000000</gml:lowerCorner>
      		<gml:upperCorner>10.000000 10.000000</gml:upperCorner>
      	</gml:Envelope>
      </wfs:boundedBy>
    <wfs:member>
      <ms:test_6181 gml:id="test_6181.2">
        <gml:boundedBy>
        	<gml:Envelope srsName="urn:ogc:def:crs:EPSG::27700">
        		<gml:lowerCorner>0.000000 0.000000</gml:lowerCorner>
        		<gml:upperCorner>10.000000 10.000000</gml:upperCorner>
        	</gml:Envelope>
        </gml:boundedBy>
        <ms:msGeometry>
          <gml:LineString gml:id="test_6181.2.1" srsName="urn:ogc:def:crs:EPSG::27700">
            <gml:posList srsDimension="2">0.000000 0.000000 10.000000 10.000000 </gml:posList>
          </gml:LineString>
        </ms:msGeometry>
        <ms:id>2</ms:id>
      </ms:test_6181>
    </wfs:member>
</wfs:FeatureCollection>

