Content-Type: text/xml; subtype=gml/3.1.1; charset=UTF-8

<?xml version='1.0' encoding="UTF-8" ?>
<wfs:FeatureCollection
   xmlns:ms="http://mapserver.gis.umn.edu/mapserver"
   xmlns:gml="http://www.opengis.net/gml"
   xmlns:wfs="http://www.opengis.net/wfs"
   xmlns:ogc="http://www.opengis.net/ogc"
   xmlns:xsi="http://www.w3.org/2001/XMLSchema-instance"
   xsi:schemaLocation="http://mapserver.gis.umn.edu/mapserver http://localhost/path/to/wfs_simple?SERVICE=WFS&amp;VERSION=1.1.0&amp;REQUEST=DescribeFeatureType&amp;TYPENAME=popplace&amp;OUTPUTFORMAT=text/xml;%20subtype=gml/3.1.1  http://www.opengis.net/wfs http://ogc.dmsolutions.ca/wfs/1.1.0/wfs.xsd">
      <gml:boundedBy>
      	<gml:Envelope srsName="EPSG:4326">
      		<gml:lowerCorner>46.980843 -64.052355</gml:lowerCorner>
      		<gml:upperCorner>46.980843 -64.052355</gml:upperCorner>
      	</gml:Envelope>
      </gml:boundedBy>
    <gml:featureMember>
      <ms:popplace>
        <gml:boundedBy>
        	<gml:Envelope srsName="EPSG:4326">
        		<gml:lowerCorner>46.980843 -64.052355</gml:lowerCorner>
        		<gml:upperCorner>46.980843 -64.052355</gml:upperCorner>
        	</gml:Envelope>
        </gml:boundedBy>
        <ms:msGeometry>
          <gml:Point srsName="EPSG:4326">
            <gml:pos>46.9808 -64.0524</gml:pos>
          </gml:Point>
        </ms:msGeometry>
        <ms:gid>1</ms:gid>
        <ms:area>0</ms:area>
        <ms:perimeter>0</ms:perimeter>
        <ms:popplace_>8</ms:popplace_>
        <ms:popplace_i>1</ms:popplace_i>
        <ms:unique_key>BACMK</ms:unique_key>
        <ms:name>&quot;Tignish</ms:name>
        <ms:name_e></ms:name_e>
        <ms:name_f></ms:name_f>
        <ms:unique_k_1></ms:unique_k_1>
        <ms:unique_k_2></ms:unique_k_2>
        <ms:reg_code>11</ms:reg_code>
        <ms:nts50>021I16</ms:nts50>
        <ms:lat>465700</ms:lat>
        <ms:long>640200</ms:long>
        <ms:sgc_code>0</ms:sgc_code>
        <ms:capital>0</ms:capital>
        <ms:pop_range>1</ms:pop_range>
      </ms:popplace>
    </gml:featureMember>
</wfs:FeatureCollection>

