Content-Type: text/xml; charset=UTF-8

<?xml version="1.0" encoding="UTF-8"?>
<wfs:WFS_Capabilities xmlns:gml="http://www.opengis.net/gml" xmlns:wfs="http://www.opengis.net/wfs" xmlns:ows="http://www.opengis.net/ows" xmlns:xlink="http://www.w3.org/1999/xlink" xmlns:xsi="http://www.w3.org/2001/XMLSchema-instance" xmlns:ogc="http://www.opengis.net/ogc" xmlns="http://www.opengis.net/wfs" version="1.1.0" updateSequence="123" xsi:schemaLocation="http://www.opengis.net/wfs http://schemas.opengis.net/wfs/1.1.0/wfs.xsd">
  <ows:ServiceIdentification>
    <ows:Title>Test simple wfs</ows:Title>
    <ows:Abstract>Test WFS Abstract</ows:Abstract>
    <ows:Keywords>
      <ows:Keyword>ogc</ows:Keyword>
      <ows:Keyword>wfs</ows:Keyword>
      <ows:Keyword>gml</ows:Keyword>
      <ows:Keyword>om</ows:Keyword>
    </ows:Keywords>
    <ows:ServiceType codeSpace="OGC">OGC WFS</ows:ServiceType>
    <ows:ServiceTypeVersion>1.1.0</ows:ServiceTypeVersion>
    <ows:Fees>none</ows:Fees>
    <ows:AccessConstraints>none</ows:AccessConstraints>
  </ows:ServiceIdentification>
  <ows:ServiceProvider>
    <ows:ProviderName>MapServer</ows:ProviderName>
    <ows:ProviderSite xlink:type="simple" xlink:href="http://localhost"/>
    <ows:ServiceContact>
      <ows:IndividualName>Tom Kralidis</ows:IndividualName>
      <ows:PositionName>self</ows:PositionName>
      <ows:ContactInfo>
        <ows:Phone>
          <ows:Voice>+xx-xxx-xxx-xxxx</ows:Voice>
          <ows:Facsimile>+xx-xxx-xxx-xxxx</ows:Facsimile>
        </ows:Phone>
        <ows:Address>
          <ows:DeliveryPoint>123 SomeRoad Road</ows:DeliveryPoint>
          <ows:City>Toronto</ows:City>
          <ows:AdministrativeArea>Ontario</ows:AdministrativeArea>
          <ows:PostalCode>xxx-xxx</ows:PostalCode>
          <ows:Country>Canada</ows:Country>
          <ows:ElectronicMailAddress>tomkralidis@xxxxxxx.xxx</ows:ElectronicMailAddress>
        </ows:Address>
        <ows:OnlineResource xlink:type="simple" xlink:href="http://localhost"/>
        <ows:HoursOfService>0800h - 1600h EST</ows:HoursOfService>
        <ows:ContactInstructions>during hours of service</ows:ContactInstructions>
      </ows:ContactInfo>
      <ows:Role>staff</ows:Role>
    </ows:ServiceContact>
  </ows:ServiceProvider>
  <ows:OperationsMetadata>
    <ows:Operation name="GetCapabilities">
      <ows:DCP>
        <ows:HTTP>
          <ows:Get xlink:type="simple" xlink:href="http://localhost/path/to/wfs_simple?"/>
          <ows:Post xlink:type="simple" xlink:href="http://localhost/path/to/wfs_simple?"/>
        </ows:HTTP>
      </ows:DCP>
      <ows:Parameter name="service">
        <ows:Value>WFS</ows:Value>
      </ows:Parameter>
      <ows:Parameter name="AcceptVersions">
        <ows:Value>1.0.0</ows:Value>
        <ows:Value>1.1.0</ows:Value>
      </ows:Parameter>
      <ows:Parameter name="AcceptFormats">
        <ows:Value>text/xml</ows:Value>
      </ows:Parameter>
    </ows:Operation>
    <ows:Operation name="DescribeFeatureType">
      <ows:DCP>
        <ows:HTTP>
          <ows:Get xlink:type="simple" xlink:href="http://localhost/path/to/wfs_simple?"/>
          <ows:Post xlink:type="simple" xlink:href="http://localhost/path/to/wfs_simple?"/>
        </ows:HTTP>
      </ows:DCP>
      <ows:Parameter name="outputFormat">
        <ows:Value>XMLSCHEMA</ows:Value>
        <ows:Value>text/xml; subtype=gml/2.1.2</ows:Value>
        <ows:Value>text/xml; subtype=gml/3.1.1</ows:Value>
      </ows:Parameter>
    </ows:Operation>
    <ows:Operation name="GetFeature">
      <ows:DCP>
        <ows:HTTP>
          <ows:Get xlink:type="simple" xlink:href="http://localhost/path/to/wfs_simple?"/>
          <ows:Post xlink:type="simple" xlink:href="http://localhost/path/to/wfs_simple?"/>
        </ows:HTTP>
      </ows:DCP>
      <ows:Parameter name="resultType">
        <ows:Value>results</ows:Value>
        <ows:Value>hits</ows:Value>
      </ows:Parameter>
      <ows:Parameter name="outputFormat">
        <ows:Value>text/xml; subtype=gml/3.1.1</ows:Value>
        <ows:Value>text/csv</ows:Value>
        <ows:Value>text/csv; streamed</ows:Value>
        <ows:Value>text/xml; subtype=gml/2.1.2; driver=ogr</ows:Value>
        <ows:Value>application/gpx+xml; streamed</ows:Value>
        <ows:Value>application/zip; driver=ogr/csv</ows:Value>
        <ows:Value>application/shapefile</ows:Value>
        <ows:Value>MIDMIF</ows:Value>
        <ows:Value>MultiMIDMIF</ows:Value>
        <ows:Value>application/json; subtype=geojson</ows:Value>
      </ows:Parameter>
    </ows:Operation>
  </ows:OperationsMetadata>
  <FeatureTypeList>
    <Operations>
      <Operation>Query</Operation>
    </Operations>
    <FeatureType>
      <Name>road</Name>
      <Title>road</Title>
      <DefaultSRS>urn:ogc:def:crs:EPSG::3978</DefaultSRS>
      <OutputFormats>
        <Format>text/xml; subtype=gml/3.1.1</Format>
        <Format>text/csv</Format>
        <Format>text/csv; streamed</Format>
        <Format>text/xml; subtype=gml/2.1.2; driver=ogr</Format>
        <Format>application/gpx+xml; streamed</Format>
        <Format>application/zip; driver=ogr/csv</Format>
        <Format>application/shapefile</Format>
        <Format>MIDMIF</Format>
        <Format>MultiMIDMIF</Format>
      </OutputFormats>
      <ows:WGS84BoundingBox dimensions="2">
        <ows:LowerCorner>-66.633317770969 42.382053788395</ows:LowerCorner>
        <ows:UpperCorner>-59.292113839180 48.295511938680</ows:UpperCorner>
      </ows:WGS84BoundingBox>
      <MetadataURL format="text/xml" type="TC211">http://localhost/path/to/wfs_simple?request=GetMetadata&amp;layer=road</MetadataURL>
    </FeatureType>
    <FeatureType>
      <Name>popplace</Name>
      <Title>popplace</Title>
      <DefaultSRS>urn:ogc:def:crs:EPSG::3978</DefaultSRS>
      <OutputFormats>
        <Format>text/xml; subtype=gml/3.1.1</Format>
        <Format>text/csv</Format>
        <Format>text/xml; subtype=gml/2.1.2; driver=ogr</Format>
        <Format>application/shapefile</Format>
        <Format>MIDMIF</Format>
        <Format>MultiMIDMIF</Format>
        <Format>application/json; subtype=geojson</Format>
      </OutputFormats>
      <ows:WGS84BoundingBox dimensions="2">
        <ows:LowerCorner>-66.328616887533 42.5631251681</ows:LowerCorner>
        <ows:UpperCorner>-59.688212172925 47.941250727064</ows:UpperCorner>
      </ows:WGS84BoundingBox>
      <MetadataURL format="text/xml" type="TC211">http://localhost/path/to/wfs_simple?request=GetMetadata&amp;layer=popplace</MetadataURL>
    </FeatureType>
    <FeatureType>
      <Name>road_with_addfiles</Name>
      <Title>road_with_addfiles</Title>
      <DefaultSRS>urn:ogc:def:crs:EPSG::3978</DefaultSRS>
      <OutputFormats>
        <Format>text/xml; subtype=gml/3.1.1</Format>
        <Format>text/csv</Format>
        <Format>text/csv; streamed</Format>
        <Format>text/xml; subtype=gml/2.1.2; driver=ogr</Format>
        <Format>application/gpx+xml; streamed</Format>
        <Format>application/zip; driver=ogr/csv</Format>
        <Format>application/shapefile</Format>
        <Format>MIDMIF</Format>
        <Format>MultiMIDMIF</Format>
      </OutputFormats>
      <ows:WGS84BoundingBox dimensions="2">
        <ows:LowerCorner>-66.633317770969 42.382053788395</ows:LowerCorner>
        <ows:UpperCorner>-59.292113839180 48.295511938680</ows:UpperCorner>
      </ows:WGS84BoundingBox>
      <MetadataURL format="text/xml" type="TC211">http://localhost/path/to/wfs_simple?request=GetMetadata&amp;layer=road_with_addfiles</MetadataURL>
    </FeatureType>
    <FeatureType>
      <Name>road2_with_addfiles</Name>
      <Title>road2_with_addfiles</Title>
      <DefaultSRS>urn:ogc:def:crs:EPSG::3978</DefaultSRS>
      <OutputFormats>
        <Format>text/xml; subtype=gml/3.1.1</Format>
        <Format>text/csv</Format>
        <Format>text/csv; streamed</Format>
        <Format>text/xml; subtype=gml/2.1.2; driver=ogr</Format>
        <Format>application/gpx+xml; streamed</Format>
        <Format>application/zip; driver=ogr/csv</Format>
        <Format>application/shapefile</Format>
        <Format>MIDMIF</Format>
        <Format>MultiMIDMIF</Format>
      </OutputFormats>
      <ows:WGS84BoundingBox dimensions="2">
        <ows:LowerCorner>-66.633317770969 42.382053788395</ows:LowerCorner>
        <ows:UpperCorner>-59.292113839180 48.295511938680</ows:UpperCorner>
      </ows:WGS84BoundingBox>
      <MetadataURL format="text/xml" type="TC211">http://localhost/path/to/wfs_simple?request=GetMetadata&amp;layer=road2_with_addfiles</MetadataURL>
    </FeatureType>
    <FeatureType>
      <Name>multi</Name>
      <Title>multi</Title>
      <DefaultSRS>urn:ogc:def:crs:EPSG::27700</DefaultSRS>
      <OutputFormats>
        <Format>text/xml; subtype=gml/3.1.1</Format>
        <Format>text/csv</Format>
        <Format>text/xml; subtype=gml/2.1.2; driver=ogr</Format>
        <Format>application/shapefile</Format>
        <Format>MIDMIF</Format>
      </OutputFormats>
      <ows:WGS84BoundingBox dimensions="2">
        <ows:LowerCorner>-7.5565511764371 49.766185810692</ows:LowerCorner>
        <ows:UpperCorner>-7.5550662982001 49.767147583362</ows:UpperCorner>
      </ows:WGS84BoundingBox>
      <MetadataURL format="text/xml" type="TC211">http://localhost/path/to/wfs_simple?request=GetMetadata&amp;layer=multi</MetadataURL>
    </FeatureType>
    <FeatureType>
      <Name>withnullvalues</Name>
      <Title>withnullvalues</Title>
      <DefaultSRS>urn:ogc:def:crs:EPSG::27700</DefaultSRS>
      <OutputFormats>
        <Format>text/xml; subtype=gml/3.1.1</Format>
        <Format>text/csv</Format>
        <Format>text/xml; subtype=gml/2.1.2; driver=ogr</Format>
        <Format>application/shapefile</Format>
        <Format>MIDMIF</Format>
        <Format>application/json; subtype=geojson</Format>
      </OutputFormats>
      <ows:WGS84BoundingBox dimensions="2">
        <ows:LowerCorner>-7.556341092866 49.766461046013</ows:LowerCorner>
        <ows:UpperCorner>-7.556341092866 49.766461046013</ows:UpperCorner>
      </ows:WGS84BoundingBox>
      <MetadataURL format="text/xml" type="TC211">http://localhost/path/to/wfs_simple?request=GetMetadata&amp;layer=withnullvalues</MetadataURL>
    </FeatureType>
  </FeatureTypeList>
  <ogc:Filter_Capabilities>
    <ogc:Spatial_Capabilities>
      <ogc:GeometryOperands>
        <ogc:GeometryOperand>gml:Point</ogc:GeometryOperand>
        <ogc:GeometryOperand>gml:LineString</ogc:GeometryOperand>
        <ogc:GeometryOperand>gml:Polygon</ogc:GeometryOperand>
        <ogc:GeometryOperand>gml:Envelope</ogc:GeometryOperand>
      </ogc:GeometryOperands>
      <ogc:SpatialOperators>
        <ogc:SpatialOperator name="Equals"/>
        <ogc:SpatialOperator name="Disjoint"/>
        <ogc:SpatialOperator name="Touches"/>
        <ogc:SpatialOperator name="Within"/>
        <ogc:SpatialOperator name="Overlaps"/>
        <ogc:SpatialOperator name="Crosses"/>
        <ogc:SpatialOperator name="Intersects"/>
        <ogc:SpatialOperator name="Contains"/>
        <ogc:SpatialOperator name="DWithin"/>
        <ogc:SpatialOperator name="Beyond"/>
        <ogc:SpatialOperator name="BBOX"/>
      </ogc:SpatialOperators>
    </ogc:Spatial_Capabilities>
    <ogc:Scalar_Capabilities>
      <ogc:LogicalOperators/>
      <ogc:ComparisonOperators>
        <ogc:ComparisonOperator>LessThan</ogc:ComparisonOperator>
        <ogc:ComparisonOperator>GreaterThan</ogc:ComparisonOperator>
        <ogc:ComparisonOperator>LessThanEqualTo</ogc:ComparisonOperator>
        <ogc:ComparisonOperator>GreaterThanEqualTo</ogc:ComparisonOperator>
        <ogc:ComparisonOperator>EqualTo</ogc:ComparisonOperator>
        <ogc:ComparisonOperator>NotEqualTo</ogc:ComparisonOperator>
        <ogc:ComparisonOperator>Like</ogc:ComparisonOperator>
        <ogc:ComparisonOperator>Between</ogc:ComparisonOperator>
      </ogc:ComparisonOperators>
    </ogc:Scalar_Capabilities>
    <ogc:Id_Capabilities>
      <ogc:EID/>
      <ogc:FID/>
    </ogc:Id_Capabilities>
  </ogc:Filter_Capabilities>
</wfs:WFS_Capabilities>
