Content-Type: text/csv; streamed

WKT,FNODE_,TNODE_,LPOLY_,RPOLY_,LENGTH,ROAD_ID,F_CODE,NAME_E,NAME_F
"LINESTRING (2589745.5 402556.25,2588416.5 401601.0625,2587278.5 400455.71875,2585757.5 399880.53125,2582523.25 399110.65625,2581190.5 399107.1875,2579286.75 399102.1875,2577761.5 399669.40625,2576803.5 401189.875)",613,1511,0,0,14862.892,1521,67,,
