<?xml version='1.0' encoding="UTF-8" standalone="no" ?>
<WMS_Capabilities version="1.3.0" updateSequence="123"  xmlns="http://www.opengis.net/wms"   xmlns:sld="http://www.opengis.net/sld"   xmlns:xsi="http://www.w3.org/2001/XMLSchema-instance"   xmlns:ms="http://mapserver.gis.umn.edu/mapserver"   xsi:schemaLocation="http://www.opengis.net/wms http://schemas.opengis.net/wms/1.3.0/capabilities_1_3_0.xsd  http://www.opengis.net/sld http://schemas.opengis.net/sld/1.1.0/sld_capabilities.xsd  http://mapserver.gis.umn.edu/mapserver http://localhost/path/to/ows_test_xml_escaping?myparam=something&amp;service=WMS&amp;version=1.3.0&amp;request=GetSchemaExtension">
<Service>
  <Name>WMS</Name>
  <Title>title &amp; title</Title>
  <Abstract>abstract&amp;abstract</Abstract>
  <KeywordList>
      <Keyword>keyword&amp;keyword</Keyword>
  </KeywordList>
  <OnlineResource xmlns:xlink="http://www.w3.org/1999/xlink" xlink:href="http://localhost"/>
  <ContactInformation>
    <ContactPersonPrimary>
      <ContactPerson>contactperson&amp;contactperson</ContactPerson>
      <ContactOrganization>contactorganization&amp;contactorganization</ContactOrganization>
    </ContactPersonPrimary>
      <ContactPosition>contactposition&amp;contactposition</ContactPosition>
    <ContactAddress>
        <AddressType>addresstype&amp;addresstype</AddressType>
        <Address>address&amp;address</Address>
        <City>city&amp;city</City>
        <StateOrProvince>stateorprovince&amp;stateorprovince</StateOrProvince>
        <PostCode>postcode&amp;postcode</PostCode>
        <Country>country&amp;country</Country>
    </ContactAddress>
      <ContactVoiceTelephone>contactvoicetelephone&amp;contactvoicetelephone</ContactVoiceTelephone>
      <ContactFacsimileTelephone>contactfacsimiletelephone&amp;contactfacsimiletelephone</ContactFacsimileTelephone>
  <ContactElectronicMailAddress>contactelectronicmailaddress&amp;contactelectronicmailaddress</ContactElectronicMailAddress>
  </ContactInformation>
  <Fees>fees&amp;fees</Fees>
  <AccessConstraints>accessconstraints&amp;accessconstraints</AccessConstraints>
  <MaxWidth>4096</MaxWidth>
  <MaxHeight>4096</MaxHeight>
</Service>

<Capability>
  <Request>
    <GetCapabilities>
      <Format>text/xml</Format>
      <DCPType>
        <HTTP>
          <Get><OnlineResource xmlns:xlink="http://www.w3.org/1999/xlink" xlink:href="http://localhost/path/to/ows_test_xml_escaping?myparam=something&amp;"/></Get>
          <Post><OnlineResource xmlns:xlink="http://www.w3.org/1999/xlink" xlink:href="http://localhost/path/to/ows_test_xml_escaping?myparam=something&amp;"/></Post>
        </HTTP>
      </DCPType>
    </GetCapabilities>
    <GetMap>
      <Format>image/png</Format>
      <Format>image/jpeg</Format>
      <Format>image/png; mode=8bit</Format>
      <Format>image/vnd.jpeg-png</Format>
      <Format>image/vnd.jpeg-png8</Format>
      <Format>application/x-pdf</Format>
      <Format>image/svg+xml</Format>
      <Format>image/tiff</Format>
      <Format>application/vnd.google-earth.kml+xml</Format>
      <Format>application/vnd.google-earth.kmz</Format>
      <Format>application/vnd.mapbox-vector-tile</Format>
      <Format>application/x-protobuf</Format>
      <Format>application/json</Format>
      <DCPType>
        <HTTP>
          <Get><OnlineResource xmlns:xlink="http://www.w3.org/1999/xlink" xlink:href="http://localhost/path/to/ows_test_xml_escaping?myparam=something&amp;"/></Get>
          <Post><OnlineResource xmlns:xlink="http://www.w3.org/1999/xlink" xlink:href="http://localhost/path/to/ows_test_xml_escaping?myparam=something&amp;"/></Post>
        </HTTP>
      </DCPType>
    </GetMap>
    <GetFeatureInfo>
      <Format>text/plain</Format>
      <Format>application/vnd.ogc.gml</Format>
      <DCPType>
        <HTTP>
          <Get><OnlineResource xmlns:xlink="http://www.w3.org/1999/xlink" xlink:href="http://localhost/path/to/ows_test_xml_escaping?myparam=something&amp;"/></Get>
          <Post><OnlineResource xmlns:xlink="http://www.w3.org/1999/xlink" xlink:href="http://localhost/path/to/ows_test_xml_escaping?myparam=something&amp;"/></Post>
        </HTTP>
      </DCPType>
    </GetFeatureInfo>
    <sld:DescribeLayer>
      <Format>text/xml</Format>
      <DCPType>
        <HTTP>
          <Get><OnlineResource xmlns:xlink="http://www.w3.org/1999/xlink" xlink:href="http://localhost/path/to/ows_test_xml_escaping?myparam=something&amp;"/></Get>
          <Post><OnlineResource xmlns:xlink="http://www.w3.org/1999/xlink" xlink:href="http://localhost/path/to/ows_test_xml_escaping?myparam=something&amp;"/></Post>
        </HTTP>
      </DCPType>
    </sld:DescribeLayer>
    <sld:GetLegendGraphic>
      <Format>image/png</Format>
      <Format>image/jpeg</Format>
      <Format>image/png; mode=8bit</Format>
      <Format>image/vnd.jpeg-png</Format>
      <Format>image/vnd.jpeg-png8</Format>
      <DCPType>
        <HTTP>
          <Get><OnlineResource xmlns:xlink="http://www.w3.org/1999/xlink" xlink:href="http://localhost/path/to/ows_test_xml_escaping?myparam=something&amp;"/></Get>
          <Post><OnlineResource xmlns:xlink="http://www.w3.org/1999/xlink" xlink:href="http://localhost/path/to/ows_test_xml_escaping?myparam=something&amp;"/></Post>
        </HTTP>
      </DCPType>
    </sld:GetLegendGraphic>
    <ms:GetStyles>
      <Format>text/xml</Format>
      <DCPType>
        <HTTP>
          <Get><OnlineResource xmlns:xlink="http://www.w3.org/1999/xlink" xlink:href="http://localhost/path/to/ows_test_xml_escaping?myparam=something&amp;"/></Get>
          <Post><OnlineResource xmlns:xlink="http://www.w3.org/1999/xlink" xlink:href="http://localhost/path/to/ows_test_xml_escaping?myparam=something&amp;"/></Post>
        </HTTP>
      </DCPType>
    </ms:GetStyles>
  </Request>
  <Exception>
    <Format>XML</Format>
    <Format>INIMAGE</Format>
    <Format>BLANK</Format>
  </Exception>
  <sld:UserDefinedSymbolization SupportSLD="1" UserLayer="0" UserStyle="1" RemoteWFS="0" InlineFeature="0" RemoteWCS="0"/>
  <Layer>
    <Name>XML_ESCAPE_TEST</Name>
    <Title>title &amp; title</Title>
    <Abstract>abstract&amp;abstract</Abstract>
    <KeywordList>
        <Keyword>keyword&amp;keyword</Keyword>
    </KeywordList>
    <CRS>EPSG:4326</CRS>
    <CRS>EPSG:4269</CRS>
    <EX_GeographicBoundingBox>
        <westBoundLongitude>-67.572500</westBoundLongitude>
        <eastBoundLongitude>-58.927500</eastBoundLongitude>
        <southBoundLatitude>42.000000</southBoundLatitude>
        <northBoundLatitude>48.500000</northBoundLatitude>
    </EX_GeographicBoundingBox>
    <BoundingBox CRS="EPSG:4326"
                minx="42.000000" miny="-67.572500" maxx="48.500000" maxy="-58.927500" />
    <Layer queryable="0" opaque="0" cascaded="0">
        <Name>province</Name>
        <Title>title&amp;title</Title>
        <Abstract>abstract&amp;abstract</Abstract>
        <EX_GeographicBoundingBox>
            <westBoundLongitude>-66.724329</westBoundLongitude>
            <eastBoundLongitude>-57.721680</eastBoundLongitude>
            <southBoundLatitude>41.770508</southBoundLatitude>
            <northBoundLatitude>48.477314</northBoundLatitude>
        </EX_GeographicBoundingBox>
        <MetadataURL type="TC211">
          <Format>text/xml</Format>
          <OnlineResource xmlns:xlink="http://www.w3.org/1999/xlink" xlink:type="simple" xlink:href="http://localhost/path/to/ows_test_xml_escaping?myparam=something&amp;request=GetMetadata&amp;layer=province"/>
        </MetadataURL>
        <Style>
          <Name>default</Name>
          <Title>default</Title>
          <LegendURL width="85" height="20">
             <Format>image/png</Format>
             <OnlineResource xmlns:xlink="http://www.w3.org/1999/xlink" xlink:type="simple" xlink:href="http://localhost/path/to/ows_test_xml_escaping?myparam=something&amp;version=1.3.0&amp;service=WMS&amp;request=GetLegendGraphic&amp;sld_version=1.1.0&amp;layer=province&amp;format=image/png&amp;STYLE=default"/>
          </LegendURL>
        </Style>
    </Layer>
  </Layer>
</Capability>
</WMS_Capabilities>
