<StyledLayerDescriptor version="1.1.0" xsi:schemaLocation="http://www.opengis.net/sld http://schemas.opengis.net/sld/1.1.0/StyledLayerDescriptor.xsd" xmlns="http://www.opengis.net/sld" xmlns:ogc="http://www.opengis.net/ogc" xmlns:se="http://www.opengis.net/se" xmlns:xlink="http://www.w3.org/1999/xlink" xmlns:xsi="http://www.w3.org/2001/XMLSchema-instance">
<NamedLayer>
<se:Name>TN.CommonTransportElements.TransportNode</se:Name>
<UserStyle>
<se:Name>TN.CommonTransportElements.TransportNode.Default</se:Name>
<se:IsDefault>true</se:IsDefault>
<se:FeatureTypeStyle>
<se:Rule>
<se:Name>TN.CommonTransportElements.TransportNode</se:Name>
<se:PointSymbolizer>
<se:Graphic>
<se:Mark>
<se:WellKnownName>circle</se:WellKnownName>
<se:Fill>
<se:SvgParameter name="fill">#ff0000</se:SvgParameter>
</se:Fill>
</se:Mark>
<se:Size>3</se:Size>
</se:Graphic>
</se:PointSymbolizer>
</se:Rule>
</se:FeatureTypeStyle>
</UserStyle>
<UserStyle>
<se:Name>inspire_common:DEFAULT</se:Name>
<se:FeatureTypeStyle>
<se:Rule>
<se:Name>TN.CommonTransportElements.TransportNode</se:Name>
<se:PointSymbolizer>
<se:Graphic>
<se:Mark>
<se:WellKnownName>square</se:WellKnownName>
<se:Fill>
<se:SvgParameter name="fill">#808080</se:SvgParameter>
</se:Fill>
</se:Mark>
<se:Size>6</se:Size>
</se:Graphic>
</se:PointSymbolizer>
</se:Rule>
</se:FeatureTypeStyle>
</UserStyle>
</NamedLayer>
</StyledLayerDescriptor>

