Content-Type: application/vnd.ogc.wms_xml; charset=UTF-8

<?xml version='1.0' encoding="UTF-8" standalone="no" ?>
<!DOCTYPE WMT_MS_Capabilities SYSTEM "http://schemas.opengis.net/wms/1.1.0/capabilities_1_1_0.dtd"
 [
 <!ELEMENT VendorSpecificCapabilities EMPTY>
 ]>  <!-- end of DOCTYPE declaration -->

<WMT_MS_Capabilities version="1.1.0">
<Service>
  <Name>OGC:WMS</Name>
  <Title>title</Title>
  <OnlineResource xmlns:xlink="http://www.w3.org/1999/xlink" xlink:href="http://localhost/path/to/?"/>
  <ContactInformation>
  </ContactInformation>
</Service>

<Capability>
  <Request>
    <GetCapabilities>
      <Format>application/vnd.ogc.wms_xml</Format>
      <DCPType>
        <HTTP>
          <Get><OnlineResource xmlns:xlink="http://www.w3.org/1999/xlink" xlink:href="http://localhost/path/to/?"/></Get>
          <Post><OnlineResource xmlns:xlink="http://www.w3.org/1999/xlink" xlink:href="http://localhost/path/to/?"/></Post>
        </HTTP>
      </DCPType>
    </GetCapabilities>
    <GetMap>
      <Format>image/tiff</Format>
      <Format>image/png</Format>
      <Format>image/jpeg</Format>
      <Format>image/png; mode=8bit</Format>
      <Format>image/vnd.jpeg-png</Format>
      <Format>image/vnd.jpeg-png8</Format>
      <Format>application/x-pdf</Format>
      <Format>image/svg+xml</Format>
      <Format>application/vnd.google-earth.kml+xml</Format>
      <Format>application/vnd.google-earth.kmz</Format>
      <Format>application/vnd.mapbox-vector-tile</Format>
      <Format>application/x-protobuf</Format>
      <Format>application/json</Format>
      <DCPType>
        <HTTP>
          <Get><OnlineResource xmlns:xlink="http://www.w3.org/1999/xlink" xlink:href="http://localhost/path/to/?"/></Get>
          <Post><OnlineResource xmlns:xlink="http://www.w3.org/1999/xlink" xlink:href="http://localhost/path/to/?"/></Post>
        </HTTP>
      </DCPType>
    </GetMap>
    <GetFeatureInfo>
      <Format>text/plain</Format>
      <Format>application/vnd.ogc.gml</Format>
      <DCPType>
        <HTTP>
          <Get><OnlineResource xmlns:xlink="http://www.w3.org/1999/xlink" xlink:href="http://localhost/path/to/?"/></Get>
          <Post><OnlineResource xmlns:xlink="http://www.w3.org/1999/xlink" xlink:href="http://localhost/path/to/?"/></Post>
        </HTTP>
      </DCPType>
    </GetFeatureInfo>
    <DescribeLayer>
      <Format>text/xml</Format>
      <DCPType>
        <HTTP>
          <Get><OnlineResource xmlns:xlink="http://www.w3.org/1999/xlink" xlink:href="http://localhost/path/to/?"/></Get>
          <Post><OnlineResource xmlns:xlink="http://www.w3.org/1999/xlink" xlink:href="http://localhost/path/to/?"/></Post>
        </HTTP>
      </DCPType>
    </DescribeLayer>
  </Request>
  <Exception>
    <Format>application/vnd.ogc.se_xml</Format>
    <Format>application/vnd.ogc.se_inimage</Format>
    <Format>application/vnd.ogc.se_blank</Format>
  </Exception>
  <VendorSpecificCapabilities />
  <UserDefinedSymbolization SupportSLD="1" UserLayer="0" UserStyle="1" RemoteWFS="0"/>
  <Layer>
    <Name>TEST</Name>
    <Title>title</Title>
    <Abstract>TEST</Abstract>
    <SRS>EPSG:26711 EPSG:4326</SRS>
    <LatLonBoundingBox minx="-117.642054" miny="33.848256" maxx="-117.576795" maxy="33.902689" />
    <BoundingBox SRS="EPSG:26711"
                minx="440720" miny="3.74532e+06" maxx="446720" maxy="3.75132e+06" />
    <Layer queryable="0" opaque="0" cascaded="0">
        <Name>grey</Name>
        <Title>grey</Title>
        <SRS>EPSG:26711</SRS>
        <LatLonBoundingBox minx="-117.641169" miny="33.847955" maxx="-117.576023" maxy="33.902673" />
        <BoundingBox SRS="EPSG:26711"
                    minx="440682" miny="3.74525e+06" maxx="446743" maxy="3.75136e+06" />
        <MetadataURL type="TC211">
          <Format>text/xml</Format>
          <OnlineResource xmlns:xlink="http://www.w3.org/1999/xlink" xlink:type="simple" xlink:href="http://localhost/path/to/?request=GetMetadata&amp;layer=grey"/>
        </MetadataURL>
    </Layer>
  </Layer>
</Capability>
</WMT_MS_Capabilities>
