GetFeatureInfo results:

Layer 'test'
  Feature 0: 
    x = '49.4'
    y = '-4.5'
    value_0 = '127'
    value_list = '127'
    red = '127'
    green = '127'
    blue = '127'
