<?xml version='1.0' encoding="UTF-8" standalone="no" ?>
<WMS_Capabilities version="1.3.0"  xmlns="http://www.opengis.net/wms"   xmlns:sld="http://www.opengis.net/sld"   xmlns:xsi="http://www.w3.org/2001/XMLSchema-instance"   xmlns:ms="http://mapserver.gis.umn.edu/mapserver"   xsi:schemaLocation="http://www.opengis.net/wms http://schemas.opengis.net/wms/1.3.0/capabilities_1_3_0.xsd  http://www.opengis.net/sld http://schemas.opengis.net/sld/1.1.0/sld_capabilities.xsd  http://mapserver.gis.umn.edu/mapserver http://localhost/path/to/wms_custom_projection?service=WMS&amp;version=1.3.0&amp;request=GetSchemaExtension">
<Service>
  <Name>WMS</Name>
  <Title>Test custom projection wms</Title>
  <OnlineResource xmlns:xlink="http://www.w3.org/1999/xlink" xlink:href="http://localhost/path/to/wms_custom_projection?"/>
  <ContactInformation>
  </ContactInformation>
  <MaxWidth>4096</MaxWidth>
  <MaxHeight>4096</MaxHeight>
</Service>

<Capability>
  <Request>
    <GetCapabilities>
      <Format>text/xml</Format>
      <DCPType>
        <HTTP>
          <Get><OnlineResource xmlns:xlink="http://www.w3.org/1999/xlink" xlink:href="http://localhost/path/to/wms_custom_projection?"/></Get>
          <Post><OnlineResource xmlns:xlink="http://www.w3.org/1999/xlink" xlink:href="http://localhost/path/to/wms_custom_projection?"/></Post>
        </HTTP>
      </DCPType>
    </GetCapabilities>
    <GetMap>
      <Format>image/png</Format>
      <Format>image/jpeg</Format>
      <Format>image/png; mode=8bit</Format>
      <Format>image/vnd.jpeg-png</Format>
      <Format>image/vnd.jpeg-png8</Format>
      <Format>application/x-pdf</Format>
      <Format>image/svg+xml</Format>
      <Format>image/tiff</Format>
      <Format>application/vnd.google-earth.kml+xml</Format>
      <Format>application/vnd.google-earth.kmz</Format>
      <Format>application/vnd.mapbox-vector-tile</Format>
      <Format>application/x-protobuf</Format>
      <Format>application/json</Format>
      <DCPType>
        <HTTP>
          <Get><OnlineResource xmlns:xlink="http://www.w3.org/1999/xlink" xlink:href="http://localhost/path/to/wms_custom_projection?"/></Get>
          <Post><OnlineResource xmlns:xlink="http://www.w3.org/1999/xlink" xlink:href="http://localhost/path/to/wms_custom_projection?"/></Post>
        </HTTP>
      </DCPType>
    </GetMap>
    <GetFeatureInfo>
      <Format>text/plain</Format>
      <Format>application/vnd.ogc.gml</Format>
      <DCPType>
        <HTTP>
          <Get><OnlineResource xmlns:xlink="http://www.w3.org/1999/xlink" xlink:href="http://localhost/path/to/wms_custom_projection?"/></Get>
          <Post><OnlineResource xmlns:xlink="http://www.w3.org/1999/xlink" xlink:href="http://localhost/path/to/wms_custom_projection?"/></Post>
        </HTTP>
      </DCPType>
    </GetFeatureInfo>
    <sld:DescribeLayer>
      <Format>text/xml</Format>
      <DCPType>
        <HTTP>
          <Get><OnlineResource xmlns:xlink="http://www.w3.org/1999/xlink" xlink:href="http://localhost/path/to/wms_custom_projection?"/></Get>
          <Post><OnlineResource xmlns:xlink="http://www.w3.org/1999/xlink" xlink:href="http://localhost/path/to/wms_custom_projection?"/></Post>
        </HTTP>
      </DCPType>
    </sld:DescribeLayer>
    <sld:GetLegendGraphic>
      <Format>image/png</Format>
      <Format>image/jpeg</Format>
      <Format>image/png; mode=8bit</Format>
      <Format>image/vnd.jpeg-png</Format>
      <Format>image/vnd.jpeg-png8</Format>
      <DCPType>
        <HTTP>
          <Get><OnlineResource xmlns:xlink="http://www.w3.org/1999/xlink" xlink:href="http://localhost/path/to/wms_custom_projection?"/></Get>
          <Post><OnlineResource xmlns:xlink="http://www.w3.org/1999/xlink" xlink:href="http://localhost/path/to/wms_custom_projection?"/></Post>
        </HTTP>
      </DCPType>
    </sld:GetLegendGraphic>
    <ms:GetStyles>
      <Format>text/xml</Format>
      <DCPType>
        <HTTP>
          <Get><OnlineResource xmlns:xlink="http://www.w3.org/1999/xlink" xlink:href="http://localhost/path/to/wms_custom_projection?"/></Get>
          <Post><OnlineResource xmlns:xlink="http://www.w3.org/1999/xlink" xlink:href="http://localhost/path/to/wms_custom_projection?"/></Post>
        </HTTP>
      </DCPType>
    </ms:GetStyles>
  </Request>
  <Exception>
    <Format>XML</Format>
    <Format>INIMAGE</Format>
    <Format>BLANK</Format>
  </Exception>
  <sld:UserDefinedSymbolization SupportSLD="1" UserLayer="0" UserStyle="1" RemoteWFS="0" InlineFeature="0" RemoteWCS="0"/>
  <Layer queryable="1">
    <Name>WMS_CUSTOM_PROJECTION</Name>
    <Title>Test custom projection wms</Title>
    <Abstract>WMS_CUSTOM_PROJECTION</Abstract>
    <CRS>EPSG:4326</CRS>
    <CRS>epsg2:42304</CRS>
    <EX_GeographicBoundingBox>
        <westBoundLongitude>-67.572500</westBoundLongitude>
        <eastBoundLongitude>-58.927500</eastBoundLongitude>
        <southBoundLatitude>42.000000</southBoundLatitude>
        <northBoundLatitude>48.500000</northBoundLatitude>
    </EX_GeographicBoundingBox>
    <BoundingBox CRS="EPSG:4326"
                minx="42.000000" miny="-67.572500" maxx="48.500000" maxy="-58.927500" />
    <Layer queryable="1" opaque="0" cascaded="0">
        <Name>road</Name>
        <Title>road</Title>
        <CRS>epsg2:42304</CRS>
        <CRS>epsg2:3978</CRS>
        <EX_GeographicBoundingBox>
            <westBoundLongitude>-66.633318</westBoundLongitude>
            <eastBoundLongitude>-59.292114</eastBoundLongitude>
            <southBoundLatitude>42.382054</southBoundLatitude>
            <northBoundLatitude>48.295512</northBoundLatitude>
        </EX_GeographicBoundingBox>
        <BoundingBox CRS="epsg2:42304"
                    minx="2.25898e+06" miny="-70747.9" maxx="2.61535e+06" maxy="495481" />
        <MetadataURL type="TC211">
          <Format>text/xml</Format>
          <OnlineResource xmlns:xlink="http://www.w3.org/1999/xlink" xlink:type="simple" xlink:href="http://localhost/path/to/wms_custom_projection?request=GetMetadata&amp;layer=road"/>
        </MetadataURL>
        <Style>
          <Name>default</Name>
          <Title>default</Title>
          <LegendURL width="71" height="20">
             <Format>image/png</Format>
             <OnlineResource xmlns:xlink="http://www.w3.org/1999/xlink" xlink:type="simple" xlink:href="http://localhost/path/to/wms_custom_projection?version=1.3.0&amp;service=WMS&amp;request=GetLegendGraphic&amp;sld_version=1.1.0&amp;layer=road&amp;format=image/png&amp;STYLE=default"/>
          </LegendURL>
        </Style>
    </Layer>
  </Layer>
</Capability>
</WMS_Capabilities>
