<StyledLayerDescriptor version="1.1.0" xsi:schemaLocation="http://www.opengis.net/sld http://schemas.opengis.net/sld/1.1.0/StyledLayerDescriptor.xsd" xmlns="http://www.opengis.net/sld" xmlns:ogc="http://www.opengis.net/ogc" xmlns:se="http://www.opengis.net/se" xmlns:xlink="http://www.w3.org/1999/xlink" xmlns:xsi="http://www.w3.org/2001/XMLSchema-instance">
<NamedLayer>
<se:Name>TN.RoadTransportNetwork.RoadLink</se:Name>
<UserStyle>
<se:Name>inspire_common:DEFAULT</se:Name>
<se:IsDefault>true</se:IsDefault>
<se:FeatureTypeStyle>
<se:Rule>
<se:Name>myclass1</se:Name>
<ogc:Filter><ogc:PropertyIsEqualTo><ogc:PropertyName>F_CODE</ogc:PropertyName><ogc:Literal>67</ogc:Literal></ogc:PropertyIsEqualTo></ogc:Filter>
<se:LineSymbolizer>
<se:Stroke>
<se:SvgParameter name="stroke">#ff0000</se:SvgParameter>
<se:SvgParameter name="stroke-width">1.00</se:SvgParameter>
</se:Stroke>
</se:LineSymbolizer>
</se:Rule>
<se:Rule>
<se:Name>myclass2</se:Name>
<ogc:Filter><ogc:PropertyIsEqualTo><ogc:PropertyName>F_CODE</ogc:PropertyName><ogc:Literal>68</ogc:Literal></ogc:PropertyIsEqualTo></ogc:Filter>
<se:LineSymbolizer>
<se:Stroke>
<se:SvgParameter name="stroke">#00ff00</se:SvgParameter>
<se:SvgParameter name="stroke-width">1.00</se:SvgParameter>
</se:Stroke>
</se:LineSymbolizer>
</se:Rule>
</se:FeatureTypeStyle>
</UserStyle>
</NamedLayer>
</StyledLayerDescriptor>

