Content-Type: text/html

<HTML>
<HEAD><TITLE>MapServer Message</TITLE></HEAD>
<BODY BGCOLOR="#FFFFFF">
msLoadMap(): Unable to access file. (i_do_not_exist.map)
</BODY></HTML>