{
"type": "FeatureCollection",
"name": "geojson",
"crs": { "type": "name", "properties": { "name": "urn:ogc:def:crs:EPSG::3857" } },
"features": [

]
}
