<!DOCTYPE html>
<html lang="en">
<head>
    <meta charset="UTF-8">
    <meta name="viewport" content="width=device-width, initial-scale=1.0">
    <title>MapServer Simple Viewer</title>
    <link rel="stylesheet" href="//cdn.jsdelivr.net/npm/ol@v10.4.0/ol.css">
    <link rel="shortcut icon" type="image/x-icon" href="//www.mapserver.org/_static/mapserver.ico" />
    <style>
        #map {
            width: 100%;
            height: 100vh;
        }
    </style>
</head>
<body>
    <div id="map"></div>
    <script src="//cdn.jsdelivr.net/npm/ol@v10.4.0/dist/ol.js"></script>
    <script>
        const mslayer = new ol.layer.Image({
            source: new ol.source.Image({
                loader: ol.source.wms.createLoader({
                    url: 'http://localhost/?map=msautotest/misc/openlayers.map&',
                    params: {
                        LAYERS: 'world-polys,world-lines',
                        VERSION: '1.3.0',
                        FORMAT: 'image/png'
                    },
                    projection: 'EPSG:4326',
                    ratio: 1
                })
            })
        });
        const map = new ol.Map({
            layers: [mslayer],
            target: 'map',
            view: new ol.View()
        });
        map.getView().fit([-89.905858,-179.744681,89.905858,179.744681], { size: map.getSize() });
    </script>
</body>
</html>